[templates.hibotheme.com/irise/default/index-2.html]
[templates.hibotheme.com/irise/default/assets/css/bootstrap.min.css]
[templates.hibotheme.com/irise/default/assets/css/meanmenu.css]
[templates.hibotheme.com/irise/default/assets/css/owl.carousel.min.css]
[templates.hibotheme.com/irise/default/assets/css/owl.theme.default.min.css]
[templates.hibotheme.com/irise/default/assets/css/magnific-popup.css]
[templates.hibotheme.com/irise/default/assets/css/flaticon.css]
[templates.hibotheme.com/irise/default/assets/css/remixicon.css]
[templates.hibotheme.com/irise/default/assets/css/odometer.min.css]
[templates.hibotheme.com/irise/default/assets/css/aos.css]
[templates.hibotheme.com/irise/default/assets/css/style.css]
[templates.hibotheme.com/irise/default/assets/css/dark.css]
[backblue.gif]
[fade.gif]
[index.html]
[templates.hibotheme.com/irise/default/assets/css/responsive.css]
[templates.hibotheme.com/irise/default/assets/images/favicon.png]
[templates.hibotheme.com/irise/default/index.html]
[templates.hibotheme.com/irise/default/assets/images/logo-icon-1.png]
[templates.hibotheme.com/irise/default/assets/images/logo-icon-2.png]
[templates.hibotheme.com/irise/default/assets/images/logo.png]
[templates.hibotheme.com/irise/default/assets/images/white-logo.png]
[templates.hibotheme.com/irise/default/index-3.html]
[templates.hibotheme.com/irise/default/about-us.html]
[templates.hibotheme.com/irise/default/services-style-one.html]
[templates.hibotheme.com/irise/default/services-style-two.html]
[templates.hibotheme.com/irise/default/service-details.html]
[templates.hibotheme.com/irise/default/portfolio-style-one.html]
[templates.hibotheme.com/irise/default/portfolio-style-two.html]
[templates.hibotheme.com/irise/default/portfolio-details.html]
[templates.hibotheme.com/irise/default/team-style-one.html]
[templates.hibotheme.com/irise/default/team-style-two.html]
[templates.hibotheme.com/irise/default/pricing.html]
[templates.hibotheme.com/irise/default/testimonials.html]
[templates.hibotheme.com/irise/default/faq.html]
[templates.hibotheme.com/irise/default/login.html]
[templates.hibotheme.com/irise/default/register.html]
[templates.hibotheme.com/irise/default/recover-password.html]
[templates.hibotheme.com/irise/default/privacy-policy.html]
[templates.hibotheme.com/irise/default/terms-conditions.html]
[templates.hibotheme.com/irise/default/coming-soon.html]
[templates.hibotheme.com/irise/default/404.html]
[templates.hibotheme.com/irise/default/blog-grid.html]
[templates.hibotheme.com/irise/default/blog-right-sidebar.html]
[templates.hibotheme.com/irise/default/blog-details.html]
[templates.hibotheme.com/irise/default/contact-us.html]
[templates.hibotheme.com/irise/default/assets/images/banner/banner-shape-1.png]
[templates.hibotheme.com/irise/default/assets/images/banner/banner-img-1.png]
[templates.hibotheme.com/irise/default/assets/images/partner/partner-logo-1.png]
[templates.hibotheme.com/irise/default/assets/images/partner/partner-logo-2.png]
[templates.hibotheme.com/irise/default/assets/images/partner/partner-logo-3.png]
[templates.hibotheme.com/irise/default/assets/images/partner/partner-logo-4.png]
[templates.hibotheme.com/irise/default/assets/images/partner/partner-logo-5.png]
[templates.hibotheme.com/irise/default/assets/images/about/about-img-2.png]
[templates.hibotheme.com/irise/default/assets/images/services/services-img-5.png]
[templates.hibotheme.com/irise/default/assets/images/services/services-img-6.png]
[templates.hibotheme.com/irise/default/assets/images/services/services-img-7.png]
[templates.hibotheme.com/irise/default/assets/images/services/services-img-8.png]
[templates.hibotheme.com/irise/default/assets/images/choose/choose-img-2.jpg]
[templates.hibotheme.com/irise/default/assets/images/choose/choose-img-3.jpg]
[templates.hibotheme.com/irise/default/assets/images/choose/choose-img-4.jpg]
[templates.hibotheme.com/irise/default/assets/images/video-img/video-img-1.jpg]
[templates.hibotheme.com/irise/default/assets/images/icon/icon-1.png]
[templates.hibotheme.com/irise/default/assets/images/testimonials/review-img-1.png]
[templates.hibotheme.com/irise/default/assets/images/testimonials/review-img-2.png]
[templates.hibotheme.com/irise/default/assets/images/testimonials/review-img-3.png]
[templates.hibotheme.com/irise/default/assets/images/project/project-img-5.jpg]
[templates.hibotheme.com/irise/default/assets/images/project/project-img-6.jpg]
[templates.hibotheme.com/irise/default/assets/images/shape/shape-2.png]
[templates.hibotheme.com/irise/default/assets/images/shape/shape-3.png]
[templates.hibotheme.com/irise/default/assets/images/team/team-img-6.jpg]
[templates.hibotheme.com/irise/default/assets/images/team/team-img-5.jpg]
[templates.hibotheme.com/irise/default/assets/images/team/team-img-7.jpg]
[templates.hibotheme.com/irise/default/assets/images/newsletter/newsletter-img-1.gif]
[templates.hibotheme.com/irise/default/assets/images/newsletter/newsletter-img-2.gif]
[templates.hibotheme.com/irise/default/assets/images/newsletter/newsletter-img-3.gif]
[templates.hibotheme.com/irise/default/assets/images/blog/blog-img-4.jpg]
[templates.hibotheme.com/irise/default/assets/images/blog/blog-img-5.jpg]
[templates.hibotheme.com/irise/default/assets/images/blog/blog-img-6.jpg]
[templates.hibotheme.com/irise/default/team.html]
[templates.hibotheme.com/irise/default/assets/images/instagram/instagram-img-1.jpg]
[templates.hibotheme.com/irise/default/assets/images/instagram/instagram-img-2.jpg]
[templates.hibotheme.com/irise/default/assets/images/instagram/instagram-img-3.jpg]
[templates.hibotheme.com/irise/default/assets/images/instagram/instagram-img-4.jpg]
[templates.hibotheme.com/irise/default/assets/images/instagram/instagram-img-5.jpg]
[templates.hibotheme.com/irise/default/assets/images/instagram/instagram-img-6.jpg]
[templates.hibotheme.com/cdn-cgi/scripts/5c5dd728/cloudflare-static/email-decode.min.js]
[templates.hibotheme.com/irise/default/assets/js/jquery.min.js]
[templates.hibotheme.com/irise/default/assets/js/bootstrap.bundle.min.js]
[templates.hibotheme.com/irise/default/assets/js/jquery.meanmenu.js]
[templates.hibotheme.com/irise/default/assets/js/owl.carousel.min.js]
[templates.hibotheme.com/irise/default/assets/js/jquery.magnific-popup.js]
[templates.hibotheme.com/irise/default/assets/js/aos.js]
[templates.hibotheme.com/irise/default/assets/js/mixitup.min.js]
[templates.hibotheme.com/irise/default/assets/js/odometer.min.js]
[templates.hibotheme.com/irise/default/assets/js/appear.min.js]
[templates.hibotheme.com/irise/default/assets/js/form-validator.min.js]
[templates.hibotheme.com/irise/default/assets/js/contact-form-script.js]
[templates.hibotheme.com/irise/default/assets/js/ajaxchimp.min.js]
[templates.hibotheme.com/irise/default/index-2.html]
[templates.hibotheme.com/irise/default/assets/css/bootstrap.min.css]
[templates.hibotheme.com/irise/default/assets/css/meanmenu.css]
[templates.hibotheme.com/irise/default/assets/js/custom.js]
[templates.hibotheme.com/irise/default/assets/css/owl.video.play.png]
[templates.hibotheme.com/irise/default/assets/css/owl.carousel.min.css]
[templates.hibotheme.com/irise/default/assets/css/owl.theme.default.min.css]
[templates.hibotheme.com/irise/default/assets/css/magnific-popup.css]
[templates.hibotheme.com/irise/default/assets/fonts/flaticond976.ttf]
[templates.hibotheme.com/irise/default/assets/fonts/flaticond976.woff]
[templates.hibotheme.com/irise/default/assets/fonts/flaticond976.woff2]
[templates.hibotheme.com/irise/default/assets/fonts/flaticond976.eot]
[templates.hibotheme.com/irise/default/assets/css/flaticon.css]
[templates.hibotheme.com/irise/default/assets/fonts/flaticond976.svg]
[templates.hibotheme.com/irise/default/assets/fonts/remixicondf6d.eot]
[templates.hibotheme.com/irise/default/assets/fonts/remixicondf6d.woff2]
[templates.hibotheme.com/irise/default/assets/fonts/remixicondf6d.woff]
[templates.hibotheme.com/irise/default/assets/fonts/remixicondf6d.ttf]
[templates.hibotheme.com/irise/default/assets/css/remixicon.css]
[templates.hibotheme.com/irise/default/assets/css/odometer.min.css]
[templates.hibotheme.com/irise/default/assets/css/aos.css]
[templates.hibotheme.com/irise/default/assets/fonts/remixicondf6d.svg]
[templates.hibotheme.com/irise/default/assets/images/banner/banner-bg-1.jpg]
[templates.hibotheme.com/irise/default/assets/images/banner/banner-bg-2.jpg]
[templates.hibotheme.com/irise/default/assets/images/banner/banner-bg-3.jpg]
[templates.hibotheme.com/irise/default/assets/images/banner/banner-bg-4.jpg]
[templates.hibotheme.com/irise/default/assets/images/blog/blog-img-1.jpg]
[templates.hibotheme.com/irise/default/assets/images/blog/blog-img-2.jpg]
[templates.hibotheme.com/irise/default/assets/images/blog/blog-img-3.jpg]
[templates.hibotheme.com/irise/default/assets/css/style.css]
[templates.hibotheme.com/irise/default/assets/css/dark.css]
[templates.hibotheme.com/irise/default/assets/css/responsive.css]
[templates.hibotheme.com/irise/default/assets/images/about/about-img-1.png]
[templates.hibotheme.com/irise/default/assets/images/services/services-img-1.png]
[templates.hibotheme.com/irise/default/assets/images/services/services-img-2.png]
[templates.hibotheme.com/irise/default/assets/images/services/services-img-3.png]
[templates.hibotheme.com/irise/default/assets/images/services/services-img-4.png]
[templates.hibotheme.com/irise/default/assets/images/choose/choose-img-1.png]
[templates.hibotheme.com/irise/default/assets/images/shape/shape-1.png]
[templates.hibotheme.com/irise/default/assets/images/project/project-img-1.png]
[templates.hibotheme.com/irise/default/assets/images/project/project-img-2.png]
[templates.hibotheme.com/irise/default/assets/images/project/project-img-3.png]
[templates.hibotheme.com/irise/default/assets/images/project/project-img-4.png]
[templates.hibotheme.com/irise/default/assets/images/team/team-img-1.jpg]
[templates.hibotheme.com/irise/default/assets/images/team/team-img-2.jpg]
[templates.hibotheme.com/irise/default/assets/images/team/team-img-3.jpg]
[templates.hibotheme.com/irise/default/assets/images/team/team-img-4.jpg]
[templates.hibotheme.com/irise/default/assets/images/skill/skill-img-1.png]
[templates.hibotheme.com/irise/default/assets/images/testimonials/testimonials-img-1.jpg]
[templates.hibotheme.com/irise/default/assets/images/testimonials/testimonials-img-2.jpg]
[templates.hibotheme.com/irise/default/index.html]
[templates.hibotheme.com/irise/default/assets/images/banner/banner-img-2.jpg]
[templates.hibotheme.com/irise/default/assets/images/shape/shape-4.png]
[templates.hibotheme.com/irise/default/assets/images/shape/shape-5.png]
[templates.hibotheme.com/irise/default/assets/images/shape/shape-6.png]
[templates.hibotheme.com/irise/default/assets/images/shape/shape-7.png]
[templates.hibotheme.com/irise/default/assets/images/partner/partner-logo-6.png]
[templates.hibotheme.com/irise/default/assets/images/partner/partner-logo-7.png]
[templates.hibotheme.com/irise/default/assets/images/partner/partner-logo-8.png]
[templates.hibotheme.com/irise/default/assets/images/partner/partner-logo-9.png]
[templates.hibotheme.com/irise/default/assets/images/partner/partner-logo-10.png]
[templates.hibotheme.com/irise/default/assets/images/partner/partner-logo-11.png]
[templates.hibotheme.com/irise/default/assets/images/services/services-img-9.png]
[templates.hibotheme.com/irise/default/assets/images/services/services-img-10.png]
[templates.hibotheme.com/irise/default/assets/images/services/services-img-11.png]
[templates.hibotheme.com/irise/default/assets/images/choose/choose-img-5.png]
[templates.hibotheme.com/irise/default/assets/images/project/project-img-7.jpg]
[templates.hibotheme.com/irise/default/assets/images/project/project-img-8.jpg]
[templates.hibotheme.com/irise/default/assets/images/project/project-img-9.jpg]
[templates.hibotheme.com/irise/default/assets/images/project/project-img-10.jpg]
[templates.hibotheme.com/irise/default/assets/images/skill/skill-img-2.png]
[templates.hibotheme.com/irise/default/assets/images/video-img/video-img-2.jpg]
[templates.hibotheme.com/irise/default/assets/images/team/team-img-8.jpg]
[templates.hibotheme.com/irise/default/assets/images/team/team-img-9.jpg]
[templates.hibotheme.com/irise/default/assets/images/team/team-img-10.jpg]
[templates.hibotheme.com/irise/default/assets/images/team/team-img-11.jpg]
[templates.hibotheme.com/irise/default/assets/images/testimonials/review-img-4.png]
[templates.hibotheme.com/irise/default/assets/images/testimonials/review-img-6.png]
[templates.hibotheme.com/irise/default/assets/images/testimonials/review-img-5.png]
[templates.hibotheme.com/irise/default/assets/images/blog/blog-img-7.jpg]
[templates.hibotheme.com/irise/default/assets/images/blog/blog-img-8.jpg]
[templates.hibotheme.com/irise/default/assets/images/blog/blog-img-9.jpg]
[templates.hibotheme.com/irise/default/index-3.html]
[templates.hibotheme.com/irise/default/assets/images/banner/banner-img-3.png]
[templates.hibotheme.com/irise/default/assets/images/shape/shape-8.png]
[templates.hibotheme.com/irise/default/assets/images/shape/shape-9.png]
[templates.hibotheme.com/irise/default/assets/images/shape/shape-10.png]
[templates.hibotheme.com/irise/default/assets/images/about/about-img-3.jpg]
[templates.hibotheme.com/irise/default/assets/images/about/about-img-4.jpg]
[templates.hibotheme.com/irise/default/about-us.html]
[templates.hibotheme.com/irise/default/assets/images/services/services-img-12.png]
[templates.hibotheme.com/irise/default/assets/images/services/services-img-13.png]
[templates.hibotheme.com/irise/default/assets/images/services/services-img-14.png]
[templates.hibotheme.com/irise/default/assets/images/services/services-img-15.png]
[templates.hibotheme.com/irise/default/services-style-one.html]
[templates.hibotheme.com/irise/default/services-style-two.html]
[templates.hibotheme.com/irise/default/assets/images/services/services-img-16.jpg]
[templates.hibotheme.com/irise/default/assets/images/services/services-img-17.jpg]
[templates.hibotheme.com/irise/default/assets/images/services/services-img-18.jpg]
[templates.hibotheme.com/irise/default/service-details.html]
[templates.hibotheme.com/irise/default/assets/images/project/project-img-11.jpg]
[templates.hibotheme.com/irise/default/assets/images/icon/icon-2.png]
[templates.hibotheme.com/irise/default/assets/images/project/project-img-12.jpg]
[templates.hibotheme.com/irise/default/assets/images/project/project-img-13.jpg]
[templates.hibotheme.com/irise/default/assets/images/project/project-img-14.jpg]
[templates.hibotheme.com/irise/default/assets/images/project/project-img-15.jpg]
[templates.hibotheme.com/irise/default/assets/images/project/project-img-16.jpg]
[templates.hibotheme.com/irise/default/assets/images/project/project-img-17.jpg]
[templates.hibotheme.com/irise/default/assets/images/project/project-img-18.jpg]
[templates.hibotheme.com/irise/default/assets/images/project/project-img-19.jpg]
[templates.hibotheme.com/irise/default/assets/images/project/project-img-20.jpg]
[templates.hibotheme.com/irise/default/portfolio-style-one.html]
[templates.hibotheme.com/irise/default/portfolio-style-two.html]
[templates.hibotheme.com/irise/default/assets/images/project/project-img-21.jpg]
[templates.hibotheme.com/irise/default/assets/images/project/project-img-25.jpg]
[templates.hibotheme.com/irise/default/assets/images/shape/shape-11.png]
[templates.hibotheme.com/irise/default/assets/images/project/project-img-26.jpg]
[templates.hibotheme.com/irise/default/assets/images/project/project-img-22.jpg]
[templates.hibotheme.com/irise/default/assets/images/project/project-img-23.jpg]
[templates.hibotheme.com/irise/default/assets/images/project/project-img-24.jpg]
[templates.hibotheme.com/irise/default/portfolio-details.html]
[templates.hibotheme.com/irise/default/assets/images/team/team-img-12.jpg]
[templates.hibotheme.com/irise/default/assets/images/team/team-img-13.jpg]
[templates.hibotheme.com/irise/default/assets/images/team/team-img-14.jpg]
[templates.hibotheme.com/irise/default/team-style-one.html]
[templates.hibotheme.com/irise/default/team-style-two.html]
[templates.hibotheme.com/irise/default/pricing.html]
[templates.hibotheme.com/irise/default/assets/images/testimonials/review-img-7.png]
[templates.hibotheme.com/irise/default/assets/images/testimonials/review-img-8.png]
[templates.hibotheme.com/irise/default/assets/images/skill/skill-img-3.jpg]
[templates.hibotheme.com/irise/default/testimonials.html]
[templates.hibotheme.com/irise/default/faq.html]
[templates.hibotheme.com/irise/default/login.html]
[templates.hibotheme.com/irise/default/register.html]
[templates.hibotheme.com/irise/default/recover-password.html]
[templates.hibotheme.com/irise/default/privacy-policy.html]
[templates.hibotheme.com/irise/default/terms-conditions.html]
[templates.hibotheme.com/irise/default/coming-soon.html]
[templates.hibotheme.com/irise/default/404.html active]
[templates.hibotheme.com/irise/default/404.html]
[templates.hibotheme.com/irise/default/blog-grid.html]
[templates.hibotheme.com/irise/default/blog-right-sidebar.html]
[templates.hibotheme.com/irise/default/assets/images/blog/blog-img-10.jpg]
[templates.hibotheme.com/irise/default/assets/images/blog/blog-img-11.jpg]
[templates.hibotheme.com/irise/default/assets/images/blog/blog-img-12.jpg]
[templates.hibotheme.com/irise/default/assets/images/testimonials/review-img-9.png]
[templates.hibotheme.com/irise/default/assets/images/shape/shape-12.png]
[templates.hibotheme.com/irise/default/assets/images/testimonials/review-img-10.png]
[templates.hibotheme.com/irise/default/blog-details.html]
[templates.hibotheme.com/irise/default/contact-us.html]
[templates.hibotheme.com/irise/default/team.html]
[templates.hibotheme.com/irise/default/assets/css/owl.video.play.html]
[templates.hibotheme.com/irise/default/assets/fonts/flaticond976.svg]
[templates.hibotheme.com/irise/default/assets/fonts/remixicondf6d.svg]
[templates.hibotheme.com/irise/default/404-2.html]
